Archive member included to satisfy reference by file (symbol)

/usr/lib/gcc/avr/4.9.2/avr4/libgcc.a(_exit.o)
                              /usr/lib/gcc/avr/4.9.2/../../../../avr/lib/avr4/crtm8.o (exit)
/usr/lib/gcc/avr/4.9.2/avr4/libgcc.a(_copy_data.o)
                              usbdrv/usbdrv.o (__do_copy_data)
/usr/lib/gcc/avr/4.9.2/avr4/libgcc.a(_clear_bss.o)
                              usbdrv/usbdrv.o (__do_clear_bss)
/usr/lib/gcc/avr/4.9.2/../../../../avr/lib/avr4/libc.a(memcpy_P.o)
                              pdi.o (memcpy_P)
/usr/lib/gcc/avr/4.9.2/../../../../avr/lib/avr4/libc.a(memmove.o)
                              main.o (memmove)
/usr/lib/gcc/avr/4.9.2/../../../../avr/lib/avr4/libc.a(memcpy.o)
                              /usr/lib/gcc/avr/4.9.2/../../../../avr/lib/avr4/libc.a(memmove.o) (memcpy)

Allocating common symbols
Common symbol       size              file

usbTxBuf            0xb               usbdrv/usbdrv.o
tpi_dly_cnt         0x2               tpi.o
usbDeviceAddr       0x1               usbdrv/usbdrv.o
usbRxToken          0x1               usbdrv/usbdrv.o
usbInputBufOffset   0x1               usbdrv/usbdrv.o
sck_spsr            0x1               isp.o
ispTransmit         0x2               isp.o
sck_spcr            0x1               isp.o
usbMsgPtr           0x2               usbdrv/usbdrv.o
isp_hiaddr          0x1               isp.o
usbRxLen            0x1               usbdrv/usbdrv.o
usbNewDeviceAddr    0x1               usbdrv/usbdrv.o
usbCurrentTok       0x1               usbdrv/usbdrv.o
usbConfiguration    0x1               usbdrv/usbdrv.o
usbRxBuf            0x16              usbdrv/usbdrv.o
sck_sw_delay        0x1               isp.o

Memory Configuration

Name             Origin             Length             Attributes
text             0x00000000         0x00002000         xr
data             0x00800060         0x0000ffa0         rw !x
eeprom           0x00810000         0x00010000         rw !x
fuse             0x00820000         0x00000400         rw !x
lock             0x00830000         0x00000400         rw !x
signature        0x00840000         0x00000400         rw !x
*default*        0x00000000         0xffffffff

Linker script and memory map

LOAD /usr/lib/gcc/avr/4.9.2/../../../../avr/lib/avr4/crtm8.o
LOAD usbdrv/usbdrv.o
LOAD usbdrv/usbdrvasm.o
LOAD usbdrv/oddebug.o
LOAD isp.o
LOAD clock.o
LOAD tpi.o
LOAD main.o
LOAD pdi.o
START GROUP
LOAD /usr/lib/gcc/avr/4.9.2/avr4/libgcc.a
LOAD /usr/lib/gcc/avr/4.9.2/../../../../avr/lib/avr4/libm.a
LOAD /usr/lib/gcc/avr/4.9.2/../../../../avr/lib/avr4/libc.a
END GROUP

.hash
 *(.hash)

.dynsym
 *(.dynsym)

.dynstr
 *(.dynstr)

.gnu.version
 *(.gnu.version)

.gnu.version_d
 *(.gnu.version_d)

.gnu.version_r
 *(.gnu.version_r)

.rel.init
 *(.rel.init)

.rela.init
 *(.rela.init)

.rel.text
 *(.rel.text)
 *(.rel.text.*)
 *(.rel.gnu.linkonce.t*)

.rela.text
 *(.rela.text)
 *(.rela.text.*)
 *(.rela.gnu.linkonce.t*)

.rel.fini
 *(.rel.fini)

.rela.fini
 *(.rela.fini)

.rel.rodata
 *(.rel.rodata)
 *(.rel.rodata.*)
 *(.rel.gnu.linkonce.r*)

.rela.rodata
 *(.rela.rodata)
 *(.rela.rodata.*)
 *(.rela.gnu.linkonce.r*)

.rel.data
 *(.rel.data)
 *(.rel.data.*)
 *(.rel.gnu.linkonce.d*)

.rela.data
 *(.rela.data)
 *(.rela.data.*)
 *(.rela.gnu.linkonce.d*)

.rel.ctors
 *(.rel.ctors)

.rela.ctors
 *(.rela.ctors)

.rel.dtors
 *(.rel.dtors)

.rela.dtors
 *(.rela.dtors)

.rel.got
 *(.rel.got)

.rela.got
 *(.rela.got)

.rel.bss
 *(.rel.bss)

.rela.bss
 *(.rela.bss)

.rel.plt
 *(.rel.plt)

.rela.plt
 *(.rela.plt)

.text           0x00000000     0x19c6
 *(.vectors)
 .vectors       0x00000000       0x26 /usr/lib/gcc/avr/4.9.2/../../../../avr/lib/avr4/crtm8.o
                0x00000000                __vectors
                0x00000000                __vector_default
 *(.vectors)
 *(.progmem.gcc*)
                0x00000026                . = ALIGN (0x2)
                0x00000026                __trampolines_start = .
 *(.trampolines)
 .trampolines   0x00000026        0x0 linker stubs
 *(.trampolines*)
                0x00000026                __trampolines_end = .
 *(.progmem*)
 .progmem.data  0x00000026       0x52 usbdrv/usbdrv.o
                0x00000026                usbDescriptorConfiguration
                0x00000038                usbDescriptorDevice
                0x0000004a                usbDescriptorStringDevice
                0x00000058                usbDescriptorStringVendor
                0x00000074                usbDescriptorString0
 .progmem.data  0x00000078        0x8 pdi.o
                0x00000080                . = ALIGN (0x2)
 *(.jumptables)
 *(.jumptables*)
 *(.lowtext)
 *(.lowtext*)
                0x00000080                __ctors_start = .
 *(.ctors)
                0x00000080                __ctors_end = .
                0x00000080                __dtors_start = .
 *(.dtors)
                0x00000080                __dtors_end = .
 SORT(*)(.ctors)
 SORT(*)(.dtors)
 *(.init0)
 .init0         0x00000080        0x0 /usr/lib/gcc/avr/4.9.2/../../../../avr/lib/avr4/crtm8.o
                0x00000080                __init
 *(.init0)
 *(.init1)
 *(.init1)
 *(.init2)
 .init2         0x00000080        0xc /usr/lib/gcc/avr/4.9.2/../../../../avr/lib/avr4/crtm8.o
 *(.init2)
 *(.init3)
 *(.init3)
 *(.init4)
 .init4         0x0000008c       0x16 /usr/lib/gcc/avr/4.9.2/avr4/libgcc.a(_copy_data.o)
                0x0000008c                __do_copy_data
 .init4         0x000000a2       0x10 /usr/lib/gcc/avr/4.9.2/avr4/libgcc.a(_clear_bss.o)
                0x000000a2                __do_clear_bss
 *(.init4)
 *(.init5)
 *(.init5)
 *(.init6)
 *(.init6)
 *(.init7)
 *(.init7)
 *(.init8)
 *(.init8)
 *(.init9)
 .init9         0x000000b2        0x4 /usr/lib/gcc/avr/4.9.2/../../../../avr/lib/avr4/crtm8.o
 *(.init9)
 *(.text)
 .text          0x000000b6        0x2 /usr/lib/gcc/avr/4.9.2/../../../../avr/lib/avr4/crtm8.o
                0x000000b6                __vector_12
                0x000000b6                __bad_interrupt
                0x000000b6                __vector_6
                0x000000b6                __vector_3
                0x000000b6                __vector_11
                0x000000b6                __vector_13
                0x000000b6                __vector_17
                0x000000b6                __vector_7
                0x000000b6                __vector_5
                0x000000b6                __vector_4
                0x000000b6                __vector_9
                0x000000b6                __vector_2
                0x000000b6                __vector_15
                0x000000b6                __vector_8
                0x000000b6                __vector_14
                0x000000b6                __vector_10
                0x000000b6                __vector_16
                0x000000b6                __vector_18
 .text          0x000000b8      0x25c usbdrv/usbdrv.o
                0x000000b8                usbPoll
                0x00000306                usbInit
 .text          0x00000314      0x28c usbdrv/usbdrvasm.o
                0x00000314                usbCrc16
                0x0000033e                usbCrc16Append
                0x00000346                __vector_1
 .text          0x000005a0        0x0 usbdrv/oddebug.o
 .text          0x000005a0      0x4ea isp.o
                0x000005a0                ispTransmit_sw
                0x000005de                ispTransmit_hw
                0x0000063a                spiHWenable
                0x00000648                ispSetSCKOption
                0x00000708                ispDelay
                0x00000718                ispConnect
                0x00000768                ispDisconnect
                0x00000778                ispEnterProgrammingMode
                0x00000814                ispReadFlash
                0x0000087e                ispWriteFlash
                0x0000093a                ispFlushPage
                0x000009e8                ispReadEEPROM
                0x00000a32                ispWriteEEPROM
 .text          0x00000a8a       0x18 clock.o
                0x00000a8a                clockWait
 .text          0x00000aa2       0xd2 tpi.o
                0x00000aa2                tpi_init
                0x00000ac2                tpi_send_byte
                0x00000b08                tpi_recv_byte
                0x00000b3a                tpi_read_block
                0x00000b4e                tpi_write_block
 .text          0x00000b74      0x760 main.o
                0x00000b74                usbFunctionSetup
                0x00000f36                usbFunctionRead
                0x000010a2                usbFunctionWrite
 .text          0x000012d4      0x686 pdi.o
                0x000012d4                pdiEnableTimerClock
                0x000012e4                pdiDisableTimerClock
                0x000012f4                pdiTimerClockEnabled
                0x000012fa                pdiSetClk1
                0x000012fe                pdiSetClk0
                0x00001302                pdiSetData1
                0x0000130e                pdiSetData0
                0x0000131c                pdiSetDataIn
                0x00001328                pdiGetData
                0x00001330                byteParity
                0x00001346                pdiSendByteX
                0x0000144e                pdiSendIdle
                0x00001454                pdiSendBreak
                0x0000145a                pdiSendByte
                0x00001478                pdiSendBytes
                0x000014a8                pdiReadByte
                0x0000157a                pdiReadCtrl
                0x00001606                pdiWaitNVM
                0x0000164e                pdiWriteCtrl
                0x000016ae                pdiResetDev
                0x000016d4                pdiInit
                0x000017b6                pdiCleanup
                0x00001804                pdiSetPointer
                0x00001866                pdiReadBlock
 .text          0x0000195a        0x0 /usr/lib/gcc/avr/4.9.2/avr4/libgcc.a(_exit.o)
 .text          0x0000195a        0x0 /usr/lib/gcc/avr/4.9.2/avr4/libgcc.a(_copy_data.o)
 .text          0x0000195a        0x0 /usr/lib/gcc/avr/4.9.2/avr4/libgcc.a(_clear_bss.o)
 .text          0x0000195a        0x0 /usr/lib/gcc/avr/4.9.2/../../../../avr/lib/avr4/libc.a(memcpy_P.o)
 .text          0x0000195a        0x0 /usr/lib/gcc/avr/4.9.2/../../../../avr/lib/avr4/libc.a(memmove.o)
 .text          0x0000195a        0x0 /usr/lib/gcc/avr/4.9.2/../../../../avr/lib/avr4/libc.a(memcpy.o)
                0x0000195a                . = ALIGN (0x2)
 *(.text.*)
 .text.startup  0x0000195a       0x22 main.o
                0x0000195a                main
 .text.libgcc.mul
                0x0000197c        0x0 /usr/lib/gcc/avr/4.9.2/avr4/libgcc.a(_exit.o)
 .text.libgcc.div
                0x0000197c        0x0 /usr/lib/gcc/avr/4.9.2/avr4/libgcc.a(_exit.o)
 .text.libgcc   0x0000197c        0x0 /usr/lib/gcc/avr/4.9.2/avr4/libgcc.a(_exit.o)
 .text.libgcc.prologue
                0x0000197c        0x0 /usr/lib/gcc/avr/4.9.2/avr4/libgcc.a(_exit.o)
 .text.libgcc.builtins
                0x0000197c        0x0 /usr/lib/gcc/avr/4.9.2/avr4/libgcc.a(_exit.o)
 .text.libgcc.fmul
                0x0000197c        0x0 /usr/lib/gcc/avr/4.9.2/avr4/libgcc.a(_exit.o)
 .text.libgcc.fixed
                0x0000197c        0x0 /usr/lib/gcc/avr/4.9.2/avr4/libgcc.a(_exit.o)
 .text.libgcc.mul
                0x0000197c        0x0 /usr/lib/gcc/avr/4.9.2/avr4/libgcc.a(_copy_data.o)
 .text.libgcc.div
                0x0000197c        0x0 /usr/lib/gcc/avr/4.9.2/avr4/libgcc.a(_copy_data.o)
 .text.libgcc   0x0000197c        0x0 /usr/lib/gcc/avr/4.9.2/avr4/libgcc.a(_copy_data.o)
 .text.libgcc.prologue
                0x0000197c        0x0 /usr/lib/gcc/avr/4.9.2/avr4/libgcc.a(_copy_data.o)
 .text.libgcc.builtins
                0x0000197c        0x0 /usr/lib/gcc/avr/4.9.2/avr4/libgcc.a(_copy_data.o)
 .text.libgcc.fmul
                0x0000197c        0x0 /usr/lib/gcc/avr/4.9.2/avr4/libgcc.a(_copy_data.o)
 .text.libgcc.fixed
                0x0000197c        0x0 /usr/lib/gcc/avr/4.9.2/avr4/libgcc.a(_copy_data.o)
 .text.libgcc.mul
                0x0000197c        0x0 /usr/lib/gcc/avr/4.9.2/avr4/libgcc.a(_clear_bss.o)
 .text.libgcc.div
                0x0000197c        0x0 /usr/lib/gcc/avr/4.9.2/avr4/libgcc.a(_clear_bss.o)
 .text.libgcc   0x0000197c        0x0 /usr/lib/gcc/avr/4.9.2/avr4/libgcc.a(_clear_bss.o)
 .text.libgcc.prologue
                0x0000197c        0x0 /usr/lib/gcc/avr/4.9.2/avr4/libgcc.a(_clear_bss.o)
 .text.libgcc.builtins
                0x0000197c        0x0 /usr/lib/gcc/avr/4.9.2/avr4/libgcc.a(_clear_bss.o)
 .text.libgcc.fmul
                0x0000197c        0x0 /usr/lib/gcc/avr/4.9.2/avr4/libgcc.a(_clear_bss.o)
 .text.libgcc.fixed
                0x0000197c        0x0 /usr/lib/gcc/avr/4.9.2/avr4/libgcc.a(_clear_bss.o)
 .text.avr-libc
                0x0000197c       0x12 /usr/lib/gcc/avr/4.9.2/../../../../avr/lib/avr4/libc.a(memcpy_P.o)
                0x0000197c                memcpy_P
 .text.avr-libc
                0x0000198e       0x22 /usr/lib/gcc/avr/4.9.2/../../../../avr/lib/avr4/libc.a(memmove.o)
                0x0000198e                memmove
 .text.avr-libc
                0x000019b0       0x12 /usr/lib/gcc/avr/4.9.2/../../../../avr/lib/avr4/libc.a(memcpy.o)
                0x000019b0                memcpy
                0x000019c2                . = ALIGN (0x2)
 *(.fini9)
 .fini9         0x000019c2        0x0 /usr/lib/gcc/avr/4.9.2/avr4/libgcc.a(_exit.o)
                0x000019c2                exit
                0x000019c2                _exit
 *(.fini9)
 *(.fini8)
 *(.fini8)
 *(.fini7)
 *(.fini7)
 *(.fini6)
 *(.fini6)
 *(.fini5)
 *(.fini5)
 *(.fini4)
 *(.fini4)
 *(.fini3)
 *(.fini3)
 *(.fini2)
 *(.fini2)
 *(.fini1)
 *(.fini1)
 *(.fini0)
 .fini0         0x000019c2        0x4 /usr/lib/gcc/avr/4.9.2/avr4/libgcc.a(_exit.o)
 *(.fini0)
                0x000019c6                _etext = .

.data           0x00800060        0x2 load address 0x000019c6
                0x00800060                PROVIDE (__data_start, .)
 *(.data)
 .data          0x00800060        0x0 /usr/lib/gcc/avr/4.9.2/../../../../avr/lib/avr4/crtm8.o
 .data          0x00800060        0x2 usbdrv/usbdrv.o
                0x00800061                usbTxLen
 .data          0x00800062        0x0 usbdrv/usbdrvasm.o
 .data          0x00800062        0x0 usbdrv/oddebug.o
 .data          0x00800062        0x0 isp.o
 .data          0x00800062        0x0 clock.o
 .data          0x00800062        0x0 tpi.o
 .data          0x00800062        0x0 main.o
 .data          0x00800062        0x0 pdi.o
 .data          0x00800062        0x0 /usr/lib/gcc/avr/4.9.2/avr4/libgcc.a(_exit.o)
 .data          0x00800062        0x0 /usr/lib/gcc/avr/4.9.2/avr4/libgcc.a(_copy_data.o)
 .data          0x00800062        0x0 /usr/lib/gcc/avr/4.9.2/avr4/libgcc.a(_clear_bss.o)
 .data          0x00800062        0x0 /usr/lib/gcc/avr/4.9.2/../../../../avr/lib/avr4/libc.a(memcpy_P.o)
 .data          0x00800062        0x0 /usr/lib/gcc/avr/4.9.2/../../../../avr/lib/avr4/libc.a(memmove.o)
 .data          0x00800062        0x0 /usr/lib/gcc/avr/4.9.2/../../../../avr/lib/avr4/libc.a(memcpy.o)
 *(.data*)
 *(.rodata)
 *(.rodata*)
 *(.gnu.linkonce.d*)
                0x00800062                . = ALIGN (0x2)
                0x00800062                _edata = .
                0x00800062                PROVIDE (__data_end, .)

.bss            0x00800062       0xca
                0x00800062                PROVIDE (__bss_start, .)
 *(.bss)
 .bss           0x00800062        0x0 /usr/lib/gcc/avr/4.9.2/../../../../avr/lib/avr4/crtm8.o
 .bss           0x00800062        0x1 usbdrv/usbdrv.o
 .bss           0x00800063        0x0 usbdrv/usbdrvasm.o
 .bss           0x00800063        0x0 usbdrv/oddebug.o
 .bss           0x00800063        0x0 isp.o
 .bss           0x00800063        0x0 clock.o
 .bss           0x00800063        0x0 tpi.o
 .bss           0x00800063       0x96 main.o
 .bss           0x008000f9        0x1 pdi.o
                0x008000f9                pdi_nvmbusy
 .bss           0x008000fa        0x0 /usr/lib/gcc/avr/4.9.2/avr4/libgcc.a(_exit.o)
 .bss           0x008000fa        0x0 /usr/lib/gcc/avr/4.9.2/avr4/libgcc.a(_copy_data.o)
 .bss           0x008000fa        0x0 /usr/lib/gcc/avr/4.9.2/avr4/libgcc.a(_clear_bss.o)
 .bss           0x008000fa        0x0 /usr/lib/gcc/avr/4.9.2/../../../../avr/lib/avr4/libc.a(memcpy_P.o)
 .bss           0x008000fa        0x0 /usr/lib/gcc/avr/4.9.2/../../../../avr/lib/avr4/libc.a(memmove.o)
 .bss           0x008000fa        0x0 /usr/lib/gcc/avr/4.9.2/../../../../avr/lib/avr4/libc.a(memcpy.o)
 *(.bss*)
 *(COMMON)
 COMMON         0x008000fa       0x2a usbdrv/usbdrv.o
                0x008000fa                usbTxBuf
                0x00800105                usbDeviceAddr
                0x00800106                usbRxToken
                0x00800107                usbInputBufOffset
                0x00800108                usbMsgPtr
                0x0080010a                usbRxLen
                0x0080010b                usbNewDeviceAddr
                0x0080010c                usbCurrentTok
                0x0080010d                usbConfiguration
                0x0080010e                usbRxBuf
 COMMON         0x00800124        0x6 isp.o
                0x00800124                sck_spsr
                0x00800125                ispTransmit
                0x00800127                sck_spcr
                0x00800128                isp_hiaddr
                0x00800129                sck_sw_delay
 COMMON         0x0080012a        0x2 tpi.o
                0x0080012a                tpi_dly_cnt
                0x0080012c                PROVIDE (__bss_end, .)
                0x000019c6                __data_load_start = LOADADDR (.data)
                0x000019c8                __data_load_end = (__data_load_start + SIZEOF (.data))

.noinit         0x0080012c        0x0
                0x0080012c                PROVIDE (__noinit_start, .)
 *(.noinit*)
                0x0080012c                PROVIDE (__noinit_end, .)
                0x0080012c                _end = .
                0x0080012c                PROVIDE (__heap_start, .)

.eeprom         0x00810000        0x0
 *(.eeprom*)
                0x00810000                __eeprom_end = .

.fuse
 *(.fuse)
 *(.lfuse)
 *(.hfuse)
 *(.efuse)

.lock
 *(.lock*)

.signature
 *(.signature*)

.stab
 *(.stab)

.stabstr
 *(.stabstr)

.stab.excl
 *(.stab.excl)

.stab.exclstr
 *(.stab.exclstr)

.stab.index
 *(.stab.index)

.stab.indexstr
 *(.stab.indexstr)

.comment        0x00000000       0x11
 *(.comment)
 .comment       0x00000000       0x11 usbdrv/usbdrv.o
                                 0x12 (size before relaxing)
 .comment       0x00000011       0x12 usbdrv/oddebug.o
 .comment       0x00000011       0x12 isp.o
 .comment       0x00000011       0x12 clock.o
 .comment       0x00000011       0x12 main.o
 .comment       0x00000011       0x12 pdi.o

.note.gnu.build-id
 *(.note.gnu.build-id)

.debug
 *(.debug)

.line
 *(.line)

.debug_srcinfo
 *(.debug_srcinfo)

.debug_sfnames
 *(.debug_sfnames)

.debug_aranges  0x00000000       0x60
 *(.debug_aranges)
 .debug_aranges
                0x00000000       0x20 /usr/lib/gcc/avr/4.9.2/avr4/libgcc.a(_exit.o)
 .debug_aranges
                0x00000020       0x20 /usr/lib/gcc/avr/4.9.2/avr4/libgcc.a(_copy_data.o)
 .debug_aranges
                0x00000040       0x20 /usr/lib/gcc/avr/4.9.2/avr4/libgcc.a(_clear_bss.o)

.debug_pubnames
 *(.debug_pubnames)

.debug_info     0x00000000      0x621
 *(.debug_info .gnu.linkonce.wi.*)
 .debug_info    0x00000000      0x48c /usr/lib/gcc/avr/4.9.2/../../../../avr/lib/avr4/crtm8.o
 .debug_info    0x0000048c       0x87 /usr/lib/gcc/avr/4.9.2/avr4/libgcc.a(_exit.o)
 .debug_info    0x00000513       0x87 /usr/lib/gcc/avr/4.9.2/avr4/libgcc.a(_copy_data.o)
 .debug_info    0x0000059a       0x87 /usr/lib/gcc/avr/4.9.2/avr4/libgcc.a(_clear_bss.o)

.debug_abbrev   0x00000000      0x48a
 *(.debug_abbrev)
 .debug_abbrev  0x00000000      0x44e /usr/lib/gcc/avr/4.9.2/../../../../avr/lib/avr4/crtm8.o
 .debug_abbrev  0x0000044e       0x14 /usr/lib/gcc/avr/4.9.2/avr4/libgcc.a(_exit.o)
 .debug_abbrev  0x00000462       0x14 /usr/lib/gcc/avr/4.9.2/avr4/libgcc.a(_copy_data.o)
 .debug_abbrev  0x00000476       0x14 /usr/lib/gcc/avr/4.9.2/avr4/libgcc.a(_clear_bss.o)

.debug_line     0x00000000      0x15b
 *(.debug_line .debug_line.* .debug_line_end)
 .debug_line    0x00000000       0x1d /usr/lib/gcc/avr/4.9.2/../../../../avr/lib/avr4/crtm8.o
 .debug_line    0x0000001d       0x65 /usr/lib/gcc/avr/4.9.2/avr4/libgcc.a(_exit.o)
 .debug_line    0x00000082       0x6e /usr/lib/gcc/avr/4.9.2/avr4/libgcc.a(_copy_data.o)
 .debug_line    0x000000f0       0x6b /usr/lib/gcc/avr/4.9.2/avr4/libgcc.a(_clear_bss.o)

.debug_frame
 *(.debug_frame)

.debug_str      0x00000000      0x17a
 *(.debug_str)
 .debug_str     0x00000000      0x17a /usr/lib/gcc/avr/4.9.2/../../../../avr/lib/avr4/crtm8.o

.debug_loc
 *(.debug_loc)

.debug_macinfo
 *(.debug_macinfo)

.debug_weaknames
 *(.debug_weaknames)

.debug_funcnames
 *(.debug_funcnames)

.debug_typenames
 *(.debug_typenames)

.debug_varnames
 *(.debug_varnames)

.debug_pubtypes
 *(.debug_pubtypes)

.debug_ranges
 *(.debug_ranges)

.debug_macro
 *(.debug_macro)
OUTPUT(main.bin elf32-avr)
LOAD linker stubs
